<?xml version="1.0" encoding="ISO-8859-1" ?>
<link_info>
   <banner>MSP430 Linker PC v20.2.4.LTS</banner>
   <copyright>Copyright (c) 2003-2018 Texas Instruments Incorporated</copyright>
   <link_time>0x6143843d</link_time>
   <link_errors>0x0</link_errors>
   <output_file>RF430FRL152H_NFC_Only_Project_NDEF_Support.out</output_file>
   <entry_point>
      <name>_c_int00_noargs</name>
      <address>0xfbde</address>
   </entry_point>
   <input_file_list>
      <input_file id="fl-2">
         <path>.\</path>
         <kind>object</kind>
         <file>NDEF.obj</file>
         <name>NDEF.obj</name>
      </input_file>
      <input_file id="fl-3">
         <path>.\</path>
         <kind>object</kind>
         <file>main.obj</file>
         <name>main.obj</name>
      </input_file>
      <input_file id="fl-4">
         <path>.\</path>
         <kind>object</kind>
         <file>patch.obj</file>
         <name>patch.obj</name>
      </input_file>
      <input_file id="fl-9">
         <kind>object</kind>
         <file>&lt;internal&gt;</file>
         <name>&lt;internal&gt;</name>
      </input_file>
      <input_file id="fl-1f">
         <path>C:\ti\ccs1031\ccs\tools\compiler\ti-cgt-msp430_20.2.4.LTS\lib\</path>
         <kind>archive</kind>
         <file>rts430_eabi.lib</file>
         <name>div16s.asm.obj</name>
      </input_file>
      <input_file id="fl-20">
         <path>C:\ti\ccs1031\ccs\tools\compiler\ti-cgt-msp430_20.2.4.LTS\lib\</path>
         <kind>archive</kind>
         <file>rts430_eabi.lib</file>
         <name>div16u.asm.obj</name>
      </input_file>
      <input_file id="fl-21">
         <path>C:\ti\ccs1031\ccs\tools\compiler\ti-cgt-msp430_20.2.4.LTS\lib\</path>
         <kind>archive</kind>
         <file>rts430_eabi.lib</file>
         <name>epilog.asm.obj</name>
      </input_file>
      <input_file id="fl-22">
         <path>C:\ti\ccs1031\ccs\tools\compiler\ti-cgt-msp430_20.2.4.LTS\lib\</path>
         <kind>archive</kind>
         <file>rts430_eabi.lib</file>
         <name>int05.asm.obj</name>
      </input_file>
      <input_file id="fl-23">
         <path>C:\ti\ccs1031\ccs\tools\compiler\ti-cgt-msp430_20.2.4.LTS\lib\</path>
         <kind>archive</kind>
         <file>rts430_eabi.lib</file>
         <name>int06.asm.obj</name>
      </input_file>
      <input_file id="fl-24">
         <path>C:\ti\ccs1031\ccs\tools\compiler\ti-cgt-msp430_20.2.4.LTS\lib\</path>
         <kind>archive</kind>
         <file>rts430_eabi.lib</file>
         <name>int07.asm.obj</name>
      </input_file>
      <input_file id="fl-25">
         <path>C:\ti\ccs1031\ccs\tools\compiler\ti-cgt-msp430_20.2.4.LTS\lib\</path>
         <kind>archive</kind>
         <file>rts430_eabi.lib</file>
         <name>int08.asm.obj</name>
      </input_file>
      <input_file id="fl-26">
         <path>C:\ti\ccs1031\ccs\tools\compiler\ti-cgt-msp430_20.2.4.LTS\lib\</path>
         <kind>archive</kind>
         <file>rts430_eabi.lib</file>
         <name>int10.asm.obj</name>
      </input_file>
      <input_file id="fl-27">
         <path>C:\ti\ccs1031\ccs\tools\compiler\ti-cgt-msp430_20.2.4.LTS\lib\</path>
         <kind>archive</kind>
         <file>rts430_eabi.lib</file>
         <name>int11.asm.obj</name>
      </input_file>
      <input_file id="fl-28">
         <path>C:\ti\ccs1031\ccs\tools\compiler\ti-cgt-msp430_20.2.4.LTS\lib\</path>
         <kind>archive</kind>
         <file>rts430_eabi.lib</file>
         <name>int12.asm.obj</name>
      </input_file>
      <input_file id="fl-29">
         <path>C:\ti\ccs1031\ccs\tools\compiler\ti-cgt-msp430_20.2.4.LTS\lib\</path>
         <kind>archive</kind>
         <file>rts430_eabi.lib</file>
         <name>int13.asm.obj</name>
      </input_file>
      <input_file id="fl-2a">
         <path>C:\ti\ccs1031\ccs\tools\compiler\ti-cgt-msp430_20.2.4.LTS\lib\</path>
         <kind>archive</kind>
         <file>rts430_eabi.lib</file>
         <name>int14.asm.obj</name>
      </input_file>
      <input_file id="fl-2b">
         <path>C:\ti\ccs1031\ccs\tools\compiler\ti-cgt-msp430_20.2.4.LTS\lib\</path>
         <kind>archive</kind>
         <file>rts430_eabi.lib</file>
         <name>isr_trap.asm.obj</name>
      </input_file>
      <input_file id="fl-2c">
         <path>C:\ti\ccs1031\ccs\tools\compiler\ti-cgt-msp430_20.2.4.LTS\lib\</path>
         <kind>archive</kind>
         <file>rts430_eabi.lib</file>
         <name>mult16.asm.obj</name>
      </input_file>
      <input_file id="fl-2d">
         <path>C:\ti\ccs1031\ccs\tools\compiler\ti-cgt-msp430_20.2.4.LTS\lib\</path>
         <kind>archive</kind>
         <file>rts430_eabi.lib</file>
         <name>boot.c.obj</name>
      </input_file>
      <input_file id="fl-2e">
         <path>C:\ti\ccs1031\ccs\tools\compiler\ti-cgt-msp430_20.2.4.LTS\lib\</path>
         <kind>archive</kind>
         <file>rts430_eabi.lib</file>
         <name>autoinit.c.obj</name>
      </input_file>
      <input_file id="fl-2f">
         <path>C:\ti\ccs1031\ccs\tools\compiler\ti-cgt-msp430_20.2.4.LTS\lib\</path>
         <kind>archive</kind>
         <file>rts430_eabi.lib</file>
         <name>copy_zero_init.c.obj</name>
      </input_file>
      <input_file id="fl-30">
         <path>C:\ti\ccs1031\ccs\tools\compiler\ti-cgt-msp430_20.2.4.LTS\lib\</path>
         <kind>archive</kind>
         <file>rts430_eabi.lib</file>
         <name>cpy_tbl.c.obj</name>
      </input_file>
      <input_file id="fl-31">
         <path>C:\ti\ccs1031\ccs\tools\compiler\ti-cgt-msp430_20.2.4.LTS\lib\</path>
         <kind>archive</kind>
         <file>rts430_eabi.lib</file>
         <name>mpu_init.c.obj</name>
      </input_file>
      <input_file id="fl-32">
         <path>C:\ti\ccs1031\ccs\tools\compiler\ti-cgt-msp430_20.2.4.LTS\lib\</path>
         <kind>archive</kind>
         <file>rts430_eabi.lib</file>
         <name>pre_init.c.obj</name>
      </input_file>
      <input_file id="fl-33">
         <path>C:\ti\ccs1031\ccs\tools\compiler\ti-cgt-msp430_20.2.4.LTS\lib\</path>
         <kind>archive</kind>
         <file>rts430_eabi.lib</file>
         <name>startup.c.obj</name>
      </input_file>
      <input_file id="fl-34">
         <path>C:\ti\ccs1031\ccs\tools\compiler\ti-cgt-msp430_20.2.4.LTS\lib\</path>
         <kind>archive</kind>
         <file>rts430_eabi.lib</file>
         <name>copy_decompress_none.c.obj</name>
      </input_file>
      <input_file id="fl-35">
         <path>C:\ti\ccs1031\ccs\tools\compiler\ti-cgt-msp430_20.2.4.LTS\lib\</path>
         <kind>archive</kind>
         <file>rts430_eabi.lib</file>
         <name>copy_decompress_lzss.c.obj</name>
      </input_file>
      <input_file id="fl-36">
         <path>C:\ti\ccs1031\ccs\tools\compiler\ti-cgt-msp430_20.2.4.LTS\lib\</path>
         <kind>archive</kind>
         <file>rts430_eabi.lib</file>
         <name>exit.c.obj</name>
      </input_file>
      <input_file id="fl-37">
         <path>C:\ti\ccs1031\ccs\tools\compiler\ti-cgt-msp430_20.2.4.LTS\lib\</path>
         <kind>archive</kind>
         <file>rts430_eabi.lib</file>
         <name>_lock.c.obj</name>
      </input_file>
      <input_file id="fl-38">
         <path>C:\ti\ccs1031\ccs\tools\compiler\ti-cgt-msp430_20.2.4.LTS\lib\</path>
         <kind>archive</kind>
         <file>rts430_eabi.lib</file>
         <name>args_main.c.obj</name>
      </input_file>
      <input_file id="fl-39">
         <path>C:\ti\ccs1031\ccs\tools\compiler\ti-cgt-msp430_20.2.4.LTS\lib\</path>
         <kind>archive</kind>
         <file>rts430_eabi.lib</file>
         <name>memcpy.c.obj</name>
      </input_file>
      <input_file id="fl-3a">
         <path>C:\ti\ccs1031\ccs\tools\compiler\ti-cgt-msp430_20.2.4.LTS\lib\</path>
         <kind>archive</kind>
         <file>rts430_eabi.lib</file>
         <name>memset.c.obj</name>
      </input_file>
      <input_file id="fl-3b">
         <path>C:\ti\ccs1031\ccs\tools\compiler\ti-cgt-msp430_20.2.4.LTS\lib\</path>
         <kind>archive</kind>
         <file>rts430_eabi.lib</file>
         <name>lsl16.asm.obj</name>
      </input_file>
      <input_file id="fl-3c">
         <path>C:\ti\ccs1031\ccs\tools\compiler\ti-cgt-msp430_20.2.4.LTS\lib\</path>
         <kind>archive</kind>
         <file>rts430_eabi.lib</file>
         <name>lsr16.asm.obj</name>
      </input_file>
      <input_file id="fl-3d">
         <path>C:\ti\ccs1031\ccs\tools\compiler\ti-cgt-msp430_20.2.4.LTS\lib\</path>
         <kind>archive</kind>
         <file>rts430_eabi.lib</file>
         <name>exit_gvars.c.obj</name>
      </input_file>
   </input_file_list>
   <object_component_list>
      <object_component id="oc-3cf">
         <name>.cinit..TI.bound:DS.load</name>
         <load_address>0xf8d0</load_address>
         <run_address>0xf8d0</run_address>
         <size>0x4</size>
      </object_component>
      <object_component id="oc-3d3">
         <name>.cinit..TI.bound:EL.load</name>
         <load_address>0xf8d4</load_address>
         <run_address>0xf8d4</run_address>
         <size>0x4</size>
      </object_component>
      <object_component id="oc-3d1">
         <name>.cinit..TI.bound:NRX.load</name>
         <load_address>0xf8d8</load_address>
         <run_address>0xf8d8</run_address>
         <size>0x4</size>
      </object_component>
      <object_component id="oc-3d2">
         <name>.cinit..TI.bound:NTX.load</name>
         <load_address>0xf8dc</load_address>
         <run_address>0xf8dc</run_address>
         <size>0x4</size>
      </object_component>
      <object_component id="oc-3d4">
         <name>.cinit..TI.bound:PF.load</name>
         <load_address>0xf8e0</load_address>
         <run_address>0xf8e0</run_address>
         <size>0x4</size>
      </object_component>
      <object_component id="oc-3d0">
         <name>.cinit..TI.bound:RF.load</name>
         <load_address>0xf8e4</load_address>
         <run_address>0xf8e4</run_address>
         <size>0x4</size>
      </object_component>
      <object_component id="oc-3d5">
         <name>.cinit..TI.bound:UID_0.load</name>
         <load_address>0xf8e8</load_address>
         <run_address>0xf8e8</run_address>
         <size>0x4</size>
      </object_component>
      <object_component id="oc-3d6">
         <name>.cinit..TI.bound:UID_1.load</name>
         <load_address>0xf8ec</load_address>
         <run_address>0xf8ec</run_address>
         <size>0x4</size>
      </object_component>
      <object_component id="oc-3d7">
         <name>.cinit..TI.bound:UID_2.load</name>
         <load_address>0xf8f0</load_address>
         <run_address>0xf8f0</run_address>
         <size>0x4</size>
      </object_component>
      <object_component id="oc-3d8">
         <name>.cinit..TI.bound:UID_3.load</name>
         <load_address>0xf8f4</load_address>
         <run_address>0xf8f4</run_address>
         <size>0x4</size>
      </object_component>
      <object_component id="oc-3d9">
         <name>.cinit..TI.bound:UID_4.load</name>
         <load_address>0xf8f8</load_address>
         <run_address>0xf8f8</run_address>
         <size>0x4</size>
      </object_component>
      <object_component id="oc-3da">
         <name>.cinit..TI.bound:UID_5.load</name>
         <load_address>0xf8fc</load_address>
         <run_address>0xf8fc</run_address>
         <size>0x4</size>
      </object_component>
      <object_component id="oc-3cd">
         <name>__TI_handler_table</name>
         <load_address>0xf900</load_address>
         <run_address>0xf900</run_address>
         <size>0x2</size>
      </object_component>
      <object_component id="oc-3ce">
         <name>__TI_cinit_table</name>
         <load_address>0xf902</load_address>
         <run_address>0xf902</run_address>
         <size>0x30</size>
      </object_component>
      <object_component id="oc-274">
         <name>.text:main</name>
         <load_address>0xf932</load_address>
         <run_address>0xf932</run_address>
         <size>0xe4</size>
         <input_file_ref idref="fl-3"/>
      </object_component>
      <object_component id="oc-181">
         <name>.text:GetSystemInfo_Patched</name>
         <load_address>0xfa16</load_address>
         <run_address>0xfa16</run_address>
         <size>0x4a</size>
         <input_file_ref idref="fl-4"/>
      </object_component>
      <object_component id="oc-187">
         <name>.text:GetMultipleBlockSecurityStatus_Patched</name>
         <load_address>0xfa60</load_address>
         <run_address>0xfa60</run_address>
         <size>0x46</size>
         <input_file_ref idref="fl-4"/>
      </object_component>
      <object_component id="oc-2d0">
         <name>.text:__TI_auto_init_nobinit_nopinit:__TI_auto_init_nobinit_nopinit</name>
         <load_address>0xfaa6</load_address>
         <run_address>0xfaa6</run_address>
         <size>0x42</size>
         <input_file_ref idref="fl-2e"/>
      </object_component>
      <object_component id="oc-18d">
         <name>.text:BlockLockROM_Patched</name>
         <load_address>0xfae8</load_address>
         <run_address>0xfae8</run_address>
         <size>0x3c</size>
         <input_file_ref idref="fl-4"/>
      </object_component>
      <object_component id="oc-2ad">
         <name>.text:DeviceInit</name>
         <load_address>0xfb24</load_address>
         <run_address>0xfb24</run_address>
         <size>0x3c</size>
         <input_file_ref idref="fl-3"/>
      </object_component>
      <object_component id="oc-220">
         <name>.text:userCustomCommand</name>
         <load_address>0xfb60</load_address>
         <run_address>0xfb60</run_address>
         <size>0x30</size>
         <input_file_ref idref="fl-4"/>
      </object_component>
      <object_component id="oc-2bd">
         <name>.text</name>
         <load_address>0xfb90</load_address>
         <run_address>0xfb90</run_address>
         <size>0x2c</size>
         <input_file_ref idref="fl-1f"/>
      </object_component>
      <object_component id="oc-2a7">
         <name>.text:initISO15693</name>
         <load_address>0xfbbc</load_address>
         <run_address>0xfbbc</run_address>
         <size>0x22</size>
         <input_file_ref idref="fl-2"/>
      </object_component>
      <object_component id="oc-1db">
         <name>.text:_c_int00_noargs</name>
         <load_address>0xfbde</load_address>
         <run_address>0xfbde</run_address>
         <size>0x1c</size>
         <input_file_ref idref="fl-2d"/>
      </object_component>
      <object_component id="oc-2b8">
         <name>.text</name>
         <load_address>0xfbfa</load_address>
         <run_address>0xfbfa</run_address>
         <size>0x16</size>
         <input_file_ref idref="fl-20"/>
      </object_component>
      <object_component id="oc-1c9">
         <name>.text:decompress:ZI:__TI_zero_init_nomemset:__TI_zero_init_nomemset</name>
         <load_address>0xfc10</load_address>
         <run_address>0xfc10</run_address>
         <size>0x14</size>
         <input_file_ref idref="fl-2f"/>
      </object_component>
      <object_component id="oc-303">
         <name>.text:memset</name>
         <load_address>0xfc24</load_address>
         <run_address>0xfc24</run_address>
         <size>0x14</size>
         <input_file_ref idref="fl-3a"/>
      </object_component>
      <object_component id="oc-2b3">
         <name>.text</name>
         <load_address>0xfc38</load_address>
         <run_address>0xfc38</run_address>
         <size>0x14</size>
         <input_file_ref idref="fl-2c"/>
      </object_component>
      <object_component id="oc-1a1">
         <name>.text</name>
         <load_address>0xfc4c</load_address>
         <run_address>0xfc4c</run_address>
         <size>0x10</size>
         <input_file_ref idref="fl-21"/>
      </object_component>
      <object_component id="oc-1be">
         <name>.text:_isr:__TI_ISR_TRAP</name>
         <load_address>0xfc5c</load_address>
         <run_address>0xfc5c</run_address>
         <size>0x8</size>
         <input_file_ref idref="fl-2b"/>
      </object_component>
      <object_component id="oc-2c4">
         <name>.text:abort</name>
         <load_address>0xfc64</load_address>
         <run_address>0xfc64</run_address>
         <size>0x6</size>
         <input_file_ref idref="fl-36"/>
      </object_component>
      <object_component id="oc-243">
         <name>.text:BlockLockAPI</name>
         <load_address>0xfc6a</load_address>
         <run_address>0xfc6a</run_address>
         <size>0x4</size>
         <input_file_ref idref="fl-2"/>
      </object_component>
      <object_component id="oc-26e">
         <name>.text:_system_pre_init</name>
         <load_address>0xfc6e</load_address>
         <run_address>0xfc6e</run_address>
         <size>0x4</size>
         <input_file_ref idref="fl-32"/>
      </object_component>
      <object_component id="oc-322">
         <name>.text:_system_post_cinit</name>
         <load_address>0xfc72</load_address>
         <run_address>0xfc72</run_address>
         <size>0x2</size>
         <input_file_ref idref="fl-33"/>
      </object_component>
      <object_component id="oc-1c3">
         <name>.rf13m_rom_isr:RF13M_ISR</name>
         <load_address>0x54d0</load_address>
         <run_address>0x54d0</run_address>
         <size>0x2</size>
         <input_file_ref idref="fl-3"/>
      </object_component>
      <object_component id="oc-193">
         <name>.stack</name>
         <uninitialized>true</uninitialized>
         <run_address>0x2b9c</run_address>
         <size>0x2</size>
         <input_file_ref idref="fl-2d"/>
      </object_component>
      <object_component id="oc-3db">
         <name>.stack</name>
         <uninitialized>true</uninitialized>
         <run_address>0x2b9c</run_address>
         <size>0x0</size>
      </object_component>
      <object_component id="oc-3f">
         <name>.int05</name>
         <load_address>0xffea</load_address>
         <run_address>0xffea</run_address>
         <size>0x2</size>
         <input_file_ref idref="fl-22"/>
      </object_component>
      <object_component id="oc-40">
         <name>.int06</name>
         <load_address>0xffec</load_address>
         <run_address>0xffec</run_address>
         <size>0x2</size>
         <input_file_ref idref="fl-23"/>
      </object_component>
      <object_component id="oc-41">
         <name>.int07</name>
         <load_address>0xffee</load_address>
         <run_address>0xffee</run_address>
         <size>0x2</size>
         <input_file_ref idref="fl-24"/>
      </object_component>
      <object_component id="oc-42">
         <name>.int08</name>
         <load_address>0xfff0</load_address>
         <run_address>0xfff0</run_address>
         <size>0x2</size>
         <input_file_ref idref="fl-25"/>
      </object_component>
      <object_component id="oc-43">
         <name>.int09</name>
         <load_address>0xfff2</load_address>
         <run_address>0xfff2</run_address>
         <size>0x2</size>
         <input_file_ref idref="fl-3"/>
      </object_component>
      <object_component id="oc-44">
         <name>.int10</name>
         <load_address>0xfff4</load_address>
         <run_address>0xfff4</run_address>
         <size>0x2</size>
         <input_file_ref idref="fl-26"/>
      </object_component>
      <object_component id="oc-45">
         <name>.int11</name>
         <load_address>0xfff6</load_address>
         <run_address>0xfff6</run_address>
         <size>0x2</size>
         <input_file_ref idref="fl-27"/>
      </object_component>
      <object_component id="oc-46">
         <name>.int12</name>
         <load_address>0xfff8</load_address>
         <run_address>0xfff8</run_address>
         <size>0x2</size>
         <input_file_ref idref="fl-28"/>
      </object_component>
      <object_component id="oc-47">
         <name>.int13</name>
         <load_address>0xfffa</load_address>
         <run_address>0xfffa</run_address>
         <size>0x2</size>
         <input_file_ref idref="fl-29"/>
      </object_component>
      <object_component id="oc-48">
         <name>.int14</name>
         <load_address>0xfffc</load_address>
         <run_address>0xfffc</run_address>
         <size>0x2</size>
         <input_file_ref idref="fl-2a"/>
      </object_component>
      <object_component id="oc-196">
         <name>.reset</name>
         <load_address>0xfffe</load_address>
         <run_address>0xfffe</run_address>
         <size>0x2</size>
         <input_file_ref idref="fl-2d"/>
      </object_component>
      <object_component id="oc-139">
         <name>.TI.bound:Firmware_System_Control_Byte</name>
         <load_address>0xf867</load_address>
         <run_address>0xf867</run_address>
         <size>0x1</size>
         <input_file_ref idref="fl-2"/>
      </object_component>
      <object_component id="oc-13c">
         <name>.TI.bound:DS</name>
         <uninitialized>true</uninitialized>
         <run_address>0x1c00</run_address>
         <size>0x1</size>
         <input_file_ref idref="fl-2"/>
      </object_component>
      <object_component id="oc-13f">
         <name>.TI.bound:RF</name>
         <uninitialized>true</uninitialized>
         <run_address>0x1c6a</run_address>
         <size>0x1</size>
         <input_file_ref idref="fl-2"/>
      </object_component>
      <object_component id="oc-142">
         <name>.TI.bound:NRX</name>
         <uninitialized>true</uninitialized>
         <run_address>0x1ca4</run_address>
         <size>0x22</size>
         <input_file_ref idref="fl-2"/>
      </object_component>
      <object_component id="oc-145">
         <name>.TI.bound:NTX</name>
         <uninitialized>true</uninitialized>
         <run_address>0x1cc6</run_address>
         <size>0x22</size>
         <input_file_ref idref="fl-2"/>
      </object_component>
      <object_component id="oc-148">
         <name>.TI.bound:EL</name>
         <uninitialized>true</uninitialized>
         <run_address>0x1cf2</run_address>
         <size>0x1</size>
         <input_file_ref idref="fl-2"/>
      </object_component>
      <object_component id="oc-14b">
         <name>.TI.bound:PF</name>
         <uninitialized>true</uninitialized>
         <run_address>0x1c0a</run_address>
         <size>0x60</size>
         <input_file_ref idref="fl-2"/>
      </object_component>
      <object_component id="oc-14e">
         <name>.TI.bound:NFC_NDEF_Message</name>
         <load_address>0xf868</load_address>
         <run_address>0xf868</run_address>
         <size>0x17</size>
         <input_file_ref idref="fl-2"/>
      </object_component>
      <object_component id="oc-151">
         <name>.TI.bound:START_KEY</name>
         <load_address>0xffce</load_address>
         <run_address>0xffce</run_address>
         <size>0x2</size>
         <input_file_ref idref="fl-4"/>
      </object_component>
      <object_component id="oc-154">
         <name>.TI.bound:CustomCommandID</name>
         <load_address>0xffcc</load_address>
         <run_address>0xffcc</run_address>
         <size>0x2</size>
         <input_file_ref idref="fl-4"/>
      </object_component>
      <object_component id="oc-157">
         <name>.TI.bound:CustomCommandAddress</name>
         <load_address>0xffca</load_address>
         <run_address>0xffca</run_address>
         <size>0x2</size>
         <input_file_ref idref="fl-4"/>
      </object_component>
      <object_component id="oc-15a">
         <name>.TI.bound:GetSystemInfoID</name>
         <load_address>0xffc8</load_address>
         <run_address>0xffc8</run_address>
         <size>0x2</size>
         <input_file_ref idref="fl-4"/>
      </object_component>
      <object_component id="oc-15d">
         <name>.TI.bound:GetSystemInfoAddress</name>
         <load_address>0xffc6</load_address>
         <run_address>0xffc6</run_address>
         <size>0x2</size>
         <input_file_ref idref="fl-4"/>
      </object_component>
      <object_component id="oc-160">
         <name>.TI.bound:GetMultipleBlockSecurityStatusID</name>
         <load_address>0xffc4</load_address>
         <run_address>0xffc4</run_address>
         <size>0x2</size>
         <input_file_ref idref="fl-4"/>
      </object_component>
      <object_component id="oc-163">
         <name>.TI.bound:GetMultipleBlockSecurityStatusAddress</name>
         <load_address>0xffc2</load_address>
         <run_address>0xffc2</run_address>
         <size>0x2</size>
         <input_file_ref idref="fl-4"/>
      </object_component>
      <object_component id="oc-166">
         <name>.TI.bound:BlockLockROMID</name>
         <load_address>0xffc0</load_address>
         <run_address>0xffc0</run_address>
         <size>0x2</size>
         <input_file_ref idref="fl-4"/>
      </object_component>
      <object_component id="oc-169">
         <name>.TI.bound:BlockLockROMAddress</name>
         <load_address>0xffbe</load_address>
         <run_address>0xffbe</run_address>
         <size>0x2</size>
         <input_file_ref idref="fl-4"/>
      </object_component>
      <object_component id="oc-16c">
         <name>.TI.bound:END_KEY</name>
         <load_address>0xffbc</load_address>
         <run_address>0xffbc</run_address>
         <size>0x2</size>
         <input_file_ref idref="fl-4"/>
      </object_component>
      <object_component id="oc-16f">
         <name>.TI.bound:UID_0</name>
         <uninitialized>true</uninitialized>
         <run_address>0x1a08</run_address>
         <size>0x1</size>
         <input_file_ref idref="fl-4"/>
      </object_component>
      <object_component id="oc-172">
         <name>.TI.bound:UID_1</name>
         <uninitialized>true</uninitialized>
         <run_address>0x1a09</run_address>
         <size>0x1</size>
         <input_file_ref idref="fl-4"/>
      </object_component>
      <object_component id="oc-175">
         <name>.TI.bound:UID_2</name>
         <uninitialized>true</uninitialized>
         <run_address>0x1a0a</run_address>
         <size>0x1</size>
         <input_file_ref idref="fl-4"/>
      </object_component>
      <object_component id="oc-178">
         <name>.TI.bound:UID_3</name>
         <uninitialized>true</uninitialized>
         <run_address>0x1a0b</run_address>
         <size>0x1</size>
         <input_file_ref idref="fl-4"/>
      </object_component>
      <object_component id="oc-17b">
         <name>.TI.bound:UID_4</name>
         <uninitialized>true</uninitialized>
         <run_address>0x1a0c</run_address>
         <size>0x1</size>
         <input_file_ref idref="fl-4"/>
      </object_component>
      <object_component id="oc-17e">
         <name>.TI.bound:UID_5</name>
         <uninitialized>true</uninitialized>
         <run_address>0x1a0d</run_address>
         <size>0x1</size>
         <input_file_ref idref="fl-4"/>
      </object_component>
      <object_component id="oc-207">
         <name>.debug_info</name>
         <load_address>0x0</load_address>
         <run_address>0x0</run_address>
         <size>0x23b</size>
         <input_file_ref idref="fl-2"/>
      </object_component>
      <object_component id="oc-13a">
         <name>.debug_info</name>
         <load_address>0x23b</load_address>
         <run_address>0x23b</run_address>
         <size>0x102</size>
         <input_file_ref idref="fl-2"/>
      </object_component>
      <object_component id="oc-13d">
         <name>.debug_info</name>
         <load_address>0x33d</load_address>
         <run_address>0x33d</run_address>
         <size>0xce</size>
         <input_file_ref idref="fl-2"/>
      </object_component>
      <object_component id="oc-140">
         <name>.debug_info</name>
         <load_address>0x40b</load_address>
         <run_address>0x40b</run_address>
         <size>0xce</size>
         <input_file_ref idref="fl-2"/>
      </object_component>
      <object_component id="oc-143">
         <name>.debug_info</name>
         <load_address>0x4d9</load_address>
         <run_address>0x4d9</run_address>
         <size>0xd0</size>
         <input_file_ref idref="fl-2"/>
      </object_component>
      <object_component id="oc-146">
         <name>.debug_info</name>
         <load_address>0x5a9</load_address>
         <run_address>0x5a9</run_address>
         <size>0xd0</size>
         <input_file_ref idref="fl-2"/>
      </object_component>
      <object_component id="oc-149">
         <name>.debug_info</name>
         <load_address>0x679</load_address>
         <run_address>0x679</run_address>
         <size>0xce</size>
         <input_file_ref idref="fl-2"/>
      </object_component>
      <object_component id="oc-14c">
         <name>.debug_info</name>
         <load_address>0x747</load_address>
         <run_address>0x747</run_address>
         <size>0xce</size>
         <input_file_ref idref="fl-2"/>
      </object_component>
      <object_component id="oc-14f">
         <name>.debug_info</name>
         <load_address>0x815</load_address>
         <run_address>0x815</run_address>
         <size>0xea</size>
         <input_file_ref idref="fl-2"/>
      </object_component>
      <object_component id="oc-2a8">
         <name>.debug_info</name>
         <load_address>0x8ff</load_address>
         <run_address>0x8ff</run_address>
         <size>0x154</size>
         <input_file_ref idref="fl-2"/>
      </object_component>
      <object_component id="oc-245">
         <name>.debug_info</name>
         <load_address>0xa53</load_address>
         <run_address>0xa53</run_address>
         <size>0x154</size>
         <input_file_ref idref="fl-2"/>
      </object_component>
      <object_component id="oc-1ac">
         <name>.debug_info</name>
         <load_address>0xba7</load_address>
         <run_address>0xba7</run_address>
         <size>0x84</size>
         <input_file_ref idref="fl-2"/>
      </object_component>
      <object_component id="oc-294">
         <name>.debug_info</name>
         <load_address>0xc2b</load_address>
         <run_address>0xc2b</run_address>
         <size>0x2c</size>
         <input_file_ref idref="fl-2"/>
      </object_component>
      <object_component id="oc-20a">
         <name>.debug_info</name>
         <load_address>0xc57</load_address>
         <run_address>0xc57</run_address>
         <size>0x6d</size>
         <input_file_ref idref="fl-2"/>
      </object_component>
      <object_component id="oc-258">
         <name>.debug_info</name>
         <load_address>0xcc4</load_address>
         <run_address>0xcc4</run_address>
         <size>0x2c</size>
         <input_file_ref idref="fl-2"/>
      </object_component>
      <object_component id="oc-2c3">
         <name>.debug_info</name>
         <load_address>0xcf0</load_address>
         <run_address>0xcf0</run_address>
         <size>0x35e</size>
         <input_file_ref idref="fl-3"/>
      </object_component>
      <object_component id="oc-2ae">
         <name>.debug_info</name>
         <load_address>0x104e</load_address>
         <run_address>0x104e</run_address>
         <size>0x108</size>
         <input_file_ref idref="fl-3"/>
      </object_component>
      <object_component id="oc-277">
         <name>.debug_info</name>
         <load_address>0x1156</load_address>
         <run_address>0x1156</run_address>
         <size>0x1e9</size>
         <input_file_ref idref="fl-3"/>
      </object_component>
      <object_component id="oc-1c6">
         <name>.debug_info</name>
         <load_address>0x133f</load_address>
         <run_address>0x133f</run_address>
         <size>0x107</size>
         <input_file_ref idref="fl-3"/>
      </object_component>
      <object_component id="oc-21d">
         <name>.debug_info</name>
         <load_address>0x1446</load_address>
         <run_address>0x1446</run_address>
         <size>0x297</size>
         <input_file_ref idref="fl-4"/>
      </object_component>
      <object_component id="oc-152">
         <name>.debug_info</name>
         <load_address>0x16dd</load_address>
         <run_address>0x16dd</run_address>
         <size>0xdd</size>
         <input_file_ref idref="fl-4"/>
      </object_component>
      <object_component id="oc-155">
         <name>.debug_info</name>
         <load_address>0x17ba</load_address>
         <run_address>0x17ba</run_address>
         <size>0xe9</size>
         <input_file_ref idref="fl-4"/>
      </object_component>
      <object_component id="oc-158">
         <name>.debug_info</name>
         <load_address>0x18a3</load_address>
         <run_address>0x18a3</run_address>
         <size>0xf3</size>
         <input_file_ref idref="fl-4"/>
      </object_component>
      <object_component id="oc-15b">
         <name>.debug_info</name>
         <load_address>0x1996</load_address>
         <run_address>0x1996</run_address>
         <size>0xe9</size>
         <input_file_ref idref="fl-4"/>
      </object_component>
      <object_component id="oc-15e">
         <name>.debug_info</name>
         <load_address>0x1a7f</load_address>
         <run_address>0x1a7f</run_address>
         <size>0xf3</size>
         <input_file_ref idref="fl-4"/>
      </object_component>
      <object_component id="oc-161">
         <name>.debug_info</name>
         <load_address>0x1b72</load_address>
         <run_address>0x1b72</run_address>
         <size>0x10b</size>
         <input_file_ref idref="fl-4"/>
      </object_component>
      <object_component id="oc-164">
         <name>.debug_info</name>
         <load_address>0x1c7d</load_address>
         <run_address>0x1c7d</run_address>
         <size>0x115</size>
         <input_file_ref idref="fl-4"/>
      </object_component>
      <object_component id="oc-167">
         <name>.debug_info</name>
         <load_address>0x1d92</load_address>
         <run_address>0x1d92</run_address>
         <size>0xe7</size>
         <input_file_ref idref="fl-4"/>
      </object_component>
      <object_component id="oc-16a">
         <name>.debug_info</name>
         <load_address>0x1e79</load_address>
         <run_address>0x1e79</run_address>
         <size>0xf1</size>
         <input_file_ref idref="fl-4"/>
      </object_component>
      <object_component id="oc-16d">
         <name>.debug_info</name>
         <load_address>0x1f6a</load_address>
         <run_address>0x1f6a</run_address>
         <size>0xd9</size>
         <input_file_ref idref="fl-4"/>
      </object_component>
      <object_component id="oc-170">
         <name>.debug_info</name>
         <load_address>0x2043</load_address>
         <run_address>0x2043</run_address>
         <size>0xd5</size>
         <input_file_ref idref="fl-4"/>
      </object_component>
      <object_component id="oc-173">
         <name>.debug_info</name>
         <load_address>0x2118</load_address>
         <run_address>0x2118</run_address>
         <size>0xd5</size>
         <input_file_ref idref="fl-4"/>
      </object_component>
      <object_component id="oc-176">
         <name>.debug_info</name>
         <load_address>0x21ed</load_address>
         <run_address>0x21ed</run_address>
         <size>0xd5</size>
         <input_file_ref idref="fl-4"/>
      </object_component>
      <object_component id="oc-179">
         <name>.debug_info</name>
         <load_address>0x22c2</load_address>
         <run_address>0x22c2</run_address>
         <size>0xd5</size>
         <input_file_ref idref="fl-4"/>
      </object_component>
      <object_component id="oc-17c">
         <name>.debug_info</name>
         <load_address>0x2397</load_address>
         <run_address>0x2397</run_address>
         <size>0xd5</size>
         <input_file_ref idref="fl-4"/>
      </object_component>
      <object_component id="oc-17f">
         <name>.debug_info</name>
         <load_address>0x246c</load_address>
         <run_address>0x246c</run_address>
         <size>0xd5</size>
         <input_file_ref idref="fl-4"/>
      </object_component>
      <object_component id="oc-221">
         <name>.debug_info</name>
         <load_address>0x2541</load_address>
         <run_address>0x2541</run_address>
         <size>0x139</size>
         <input_file_ref idref="fl-4"/>
      </object_component>
      <object_component id="oc-183">
         <name>.debug_info</name>
         <load_address>0x267a</load_address>
         <run_address>0x267a</run_address>
         <size>0x121</size>
         <input_file_ref idref="fl-4"/>
      </object_component>
      <object_component id="oc-188">
         <name>.debug_info</name>
         <load_address>0x279b</load_address>
         <run_address>0x279b</run_address>
         <size>0x1ae</size>
         <input_file_ref idref="fl-4"/>
      </object_component>
      <object_component id="oc-190">
         <name>.debug_info</name>
         <load_address>0x2949</load_address>
         <run_address>0x2949</run_address>
         <size>0x17c</size>
         <input_file_ref idref="fl-4"/>
      </object_component>
      <object_component id="oc-2c0">
         <name>.debug_info</name>
         <load_address>0x2ac5</load_address>
         <run_address>0x2ac5</run_address>
         <size>0x135</size>
         <input_file_ref idref="fl-1f"/>
      </object_component>
      <object_component id="oc-2ba">
         <name>.debug_info</name>
         <load_address>0x2bfa</load_address>
         <run_address>0x2bfa</run_address>
         <size>0x121</size>
         <input_file_ref idref="fl-20"/>
      </object_component>
      <object_component id="oc-1a4">
         <name>.debug_info</name>
         <load_address>0x2d1b</load_address>
         <run_address>0x2d1b</run_address>
         <size>0x12e</size>
         <input_file_ref idref="fl-21"/>
      </object_component>
      <object_component id="oc-1c0">
         <name>.debug_info</name>
         <load_address>0x2e49</load_address>
         <run_address>0x2e49</run_address>
         <size>0x10f</size>
         <input_file_ref idref="fl-2b"/>
      </object_component>
      <object_component id="oc-2b6">
         <name>.debug_info</name>
         <load_address>0x2f58</load_address>
         <run_address>0x2f58</run_address>
         <size>0x121</size>
         <input_file_ref idref="fl-2c"/>
      </object_component>
      <object_component id="oc-194">
         <name>.debug_info</name>
         <load_address>0x3079</load_address>
         <run_address>0x3079</run_address>
         <size>0x100</size>
         <input_file_ref idref="fl-2d"/>
      </object_component>
      <object_component id="oc-1dc">
         <name>.debug_info</name>
         <load_address>0x3179</load_address>
         <run_address>0x3179</run_address>
         <size>0x17a</size>
         <input_file_ref idref="fl-2d"/>
      </object_component>
      <object_component id="oc-329">
         <name>.debug_info</name>
         <load_address>0x32f3</load_address>
         <run_address>0x32f3</run_address>
         <size>0x3de</size>
         <input_file_ref idref="fl-2e"/>
      </object_component>
      <object_component id="oc-2d2">
         <name>.debug_info</name>
         <load_address>0x36d1</load_address>
         <run_address>0x36d1</run_address>
         <size>0x1e0</size>
         <input_file_ref idref="fl-2e"/>
      </object_component>
      <object_component id="oc-35c">
         <name>.debug_info</name>
         <load_address>0x38b1</load_address>
         <run_address>0x38b1</run_address>
         <size>0x39</size>
         <input_file_ref idref="fl-2e"/>
      </object_component>
      <object_component id="oc-368">
         <name>.debug_info</name>
         <load_address>0x38ea</load_address>
         <run_address>0x38ea</run_address>
         <size>0x2c</size>
         <input_file_ref idref="fl-2e"/>
      </object_component>
      <object_component id="oc-334">
         <name>.debug_info</name>
         <load_address>0x3916</load_address>
         <run_address>0x3916</run_address>
         <size>0x2c</size>
         <input_file_ref idref="fl-2e"/>
      </object_component>
      <object_component id="oc-361">
         <name>.debug_info</name>
         <load_address>0x3942</load_address>
         <run_address>0x3942</run_address>
         <size>0xcd</size>
         <input_file_ref idref="fl-2e"/>
      </object_component>
      <object_component id="oc-26c">
         <name>.debug_info</name>
         <load_address>0x3a0f</load_address>
         <run_address>0x3a0f</run_address>
         <size>0x175</size>
         <input_file_ref idref="fl-2f"/>
      </object_component>
      <object_component id="oc-1cc">
         <name>.debug_info</name>
         <load_address>0x3b84</load_address>
         <run_address>0x3b84</run_address>
         <size>0x1d2</size>
         <input_file_ref idref="fl-2f"/>
      </object_component>
      <object_component id="oc-267">
         <name>.debug_info</name>
         <load_address>0x3d56</load_address>
         <run_address>0x3d56</run_address>
         <size>0x46</size>
         <input_file_ref idref="fl-2f"/>
      </object_component>
      <object_component id="oc-271">
         <name>.debug_info</name>
         <load_address>0x3d9c</load_address>
         <run_address>0x3d9c</run_address>
         <size>0x153</size>
         <input_file_ref idref="fl-32"/>
      </object_component>
      <object_component id="oc-323">
         <name>.debug_info</name>
         <load_address>0x3eef</load_address>
         <run_address>0x3eef</run_address>
         <size>0x150</size>
         <input_file_ref idref="fl-33"/>
      </object_component>
      <object_component id="oc-2c8">
         <name>.debug_info</name>
         <load_address>0x403f</load_address>
         <run_address>0x403f</run_address>
         <size>0x122</size>
         <input_file_ref idref="fl-36"/>
      </object_component>
      <object_component id="oc-344">
         <name>.debug_info</name>
         <load_address>0x4161</load_address>
         <run_address>0x4161</run_address>
         <size>0x16d</size>
         <input_file_ref idref="fl-3a"/>
      </object_component>
      <object_component id="oc-306">
         <name>.debug_info</name>
         <load_address>0x42ce</load_address>
         <run_address>0x42ce</run_address>
         <size>0x275</size>
         <input_file_ref idref="fl-3a"/>
      </object_component>
      <object_component id="oc-3dc">
         <name>.debug_info</name>
         <load_address>0x4543</load_address>
         <run_address>0x4543</run_address>
         <size>0xa9</size>
      </object_component>
      <object_component id="oc-291">
         <name>.debug_line</name>
         <load_address>0x0</load_address>
         <run_address>0x0</run_address>
         <size>0xb8</size>
         <input_file_ref idref="fl-2"/>
      </object_component>
      <object_component id="oc-206">
         <name>.debug_line</name>
         <load_address>0xb8</load_address>
         <run_address>0xb8</run_address>
         <size>0x2d</size>
         <input_file_ref idref="fl-2"/>
      </object_component>
      <object_component id="oc-209">
         <name>.debug_line</name>
         <load_address>0xe5</load_address>
         <run_address>0xe5</run_address>
         <size>0x2d</size>
         <input_file_ref idref="fl-2"/>
      </object_component>
      <object_component id="oc-210">
         <name>.debug_line</name>
         <load_address>0x112</load_address>
         <run_address>0x112</run_address>
         <size>0x2d</size>
         <input_file_ref idref="fl-2"/>
      </object_component>
      <object_component id="oc-212">
         <name>.debug_line</name>
         <load_address>0x13f</load_address>
         <run_address>0x13f</run_address>
         <size>0x2d</size>
         <input_file_ref idref="fl-2"/>
      </object_component>
      <object_component id="oc-214">
         <name>.debug_line</name>
         <load_address>0x16c</load_address>
         <run_address>0x16c</run_address>
         <size>0x2d</size>
         <input_file_ref idref="fl-2"/>
      </object_component>
      <object_component id="oc-216">
         <name>.debug_line</name>
         <load_address>0x199</load_address>
         <run_address>0x199</run_address>
         <size>0x2d</size>
         <input_file_ref idref="fl-2"/>
      </object_component>
      <object_component id="oc-218">
         <name>.debug_line</name>
         <load_address>0x1c6</load_address>
         <run_address>0x1c6</run_address>
         <size>0x2d</size>
         <input_file_ref idref="fl-2"/>
      </object_component>
      <object_component id="oc-21a">
         <name>.debug_line</name>
         <load_address>0x1f3</load_address>
         <run_address>0x1f3</run_address>
         <size>0x2d</size>
         <input_file_ref idref="fl-2"/>
      </object_component>
      <object_component id="oc-2ab">
         <name>.debug_line</name>
         <load_address>0x220</load_address>
         <run_address>0x220</run_address>
         <size>0x45</size>
         <input_file_ref idref="fl-2"/>
      </object_component>
      <object_component id="oc-244">
         <name>.debug_line</name>
         <load_address>0x265</load_address>
         <run_address>0x265</run_address>
         <size>0x40</size>
         <input_file_ref idref="fl-2"/>
      </object_component>
      <object_component id="oc-1af">
         <name>.debug_line</name>
         <load_address>0x2a5</load_address>
         <run_address>0x2a5</run_address>
         <size>0x20</size>
         <input_file_ref idref="fl-2"/>
      </object_component>
      <object_component id="oc-297">
         <name>.debug_line</name>
         <load_address>0x2c5</load_address>
         <run_address>0x2c5</run_address>
         <size>0x2e</size>
         <input_file_ref idref="fl-2"/>
      </object_component>
      <object_component id="oc-20d">
         <name>.debug_line</name>
         <load_address>0x2f3</load_address>
         <run_address>0x2f3</run_address>
         <size>0x2e</size>
         <input_file_ref idref="fl-2"/>
      </object_component>
      <object_component id="oc-25b">
         <name>.debug_line</name>
         <load_address>0x321</load_address>
         <run_address>0x321</run_address>
         <size>0x6e</size>
         <input_file_ref idref="fl-2"/>
      </object_component>
      <object_component id="oc-30f">
         <name>.debug_line</name>
         <load_address>0x38f</load_address>
         <run_address>0x38f</run_address>
         <size>0x69</size>
         <input_file_ref idref="fl-3"/>
      </object_component>
      <object_component id="oc-2b1">
         <name>.debug_line</name>
         <load_address>0x3f8</load_address>
         <run_address>0x3f8</run_address>
         <size>0x4a</size>
         <input_file_ref idref="fl-3"/>
      </object_component>
      <object_component id="oc-276">
         <name>.debug_line</name>
         <load_address>0x442</load_address>
         <run_address>0x442</run_address>
         <size>0x69</size>
         <input_file_ref idref="fl-3"/>
      </object_component>
      <object_component id="oc-1c5">
         <name>.debug_line</name>
         <load_address>0x4ab</load_address>
         <run_address>0x4ab</run_address>
         <size>0x3d</size>
         <input_file_ref idref="fl-3"/>
      </object_component>
      <object_component id="oc-293">
         <name>.debug_line</name>
         <load_address>0x4e8</load_address>
         <run_address>0x4e8</run_address>
         <size>0x77</size>
         <input_file_ref idref="fl-4"/>
      </object_component>
      <object_component id="oc-21c">
         <name>.debug_line</name>
         <load_address>0x55f</load_address>
         <run_address>0x55f</run_address>
         <size>0x2e</size>
         <input_file_ref idref="fl-4"/>
      </object_component>
      <object_component id="oc-21f">
         <name>.debug_line</name>
         <load_address>0x58d</load_address>
         <run_address>0x58d</run_address>
         <size>0x2e</size>
         <input_file_ref idref="fl-4"/>
      </object_component>
      <object_component id="oc-227">
         <name>.debug_line</name>
         <load_address>0x5bb</load_address>
         <run_address>0x5bb</run_address>
         <size>0x2e</size>
         <input_file_ref idref="fl-4"/>
      </object_component>
      <object_component id="oc-229">
         <name>.debug_line</name>
         <load_address>0x5e9</load_address>
         <run_address>0x5e9</run_address>
         <size>0x2e</size>
         <input_file_ref idref="fl-4"/>
      </object_component>
      <object_component id="oc-22b">
         <name>.debug_line</name>
         <load_address>0x617</load_address>
         <run_address>0x617</run_address>
         <size>0x2e</size>
         <input_file_ref idref="fl-4"/>
      </object_component>
      <object_component id="oc-22d">
         <name>.debug_line</name>
         <load_address>0x645</load_address>
         <run_address>0x645</run_address>
         <size>0x2e</size>
         <input_file_ref idref="fl-4"/>
      </object_component>
      <object_component id="oc-22f">
         <name>.debug_line</name>
         <load_address>0x673</load_address>
         <run_address>0x673</run_address>
         <size>0x2e</size>
         <input_file_ref idref="fl-4"/>
      </object_component>
      <object_component id="oc-231">
         <name>.debug_line</name>
         <load_address>0x6a1</load_address>
         <run_address>0x6a1</run_address>
         <size>0x2e</size>
         <input_file_ref idref="fl-4"/>
      </object_component>
      <object_component id="oc-233">
         <name>.debug_line</name>
         <load_address>0x6cf</load_address>
         <run_address>0x6cf</run_address>
         <size>0x2e</size>
         <input_file_ref idref="fl-4"/>
      </object_component>
      <object_component id="oc-235">
         <name>.debug_line</name>
         <load_address>0x6fd</load_address>
         <run_address>0x6fd</run_address>
         <size>0x2e</size>
         <input_file_ref idref="fl-4"/>
      </object_component>
      <object_component id="oc-237">
         <name>.debug_line</name>
         <load_address>0x72b</load_address>
         <run_address>0x72b</run_address>
         <size>0x2e</size>
         <input_file_ref idref="fl-4"/>
      </object_component>
      <object_component id="oc-239">
         <name>.debug_line</name>
         <load_address>0x759</load_address>
         <run_address>0x759</run_address>
         <size>0x2e</size>
         <input_file_ref idref="fl-4"/>
      </object_component>
      <object_component id="oc-23b">
         <name>.debug_line</name>
         <load_address>0x787</load_address>
         <run_address>0x787</run_address>
         <size>0x2e</size>
         <input_file_ref idref="fl-4"/>
      </object_component>
      <object_component id="oc-23d">
         <name>.debug_line</name>
         <load_address>0x7b5</load_address>
         <run_address>0x7b5</run_address>
         <size>0x2e</size>
         <input_file_ref idref="fl-4"/>
      </object_component>
      <object_component id="oc-23f">
         <name>.debug_line</name>
         <load_address>0x7e3</load_address>
         <run_address>0x7e3</run_address>
         <size>0x2e</size>
         <input_file_ref idref="fl-4"/>
      </object_component>
      <object_component id="oc-241">
         <name>.debug_line</name>
         <load_address>0x811</load_address>
         <run_address>0x811</run_address>
         <size>0x2e</size>
         <input_file_ref idref="fl-4"/>
      </object_component>
      <object_component id="oc-224">
         <name>.debug_line</name>
         <load_address>0x83f</load_address>
         <run_address>0x83f</run_address>
         <size>0x4e</size>
         <input_file_ref idref="fl-4"/>
      </object_component>
      <object_component id="oc-182">
         <name>.debug_line</name>
         <load_address>0x88d</load_address>
         <run_address>0x88d</run_address>
         <size>0x4c</size>
         <input_file_ref idref="fl-4"/>
      </object_component>
      <object_component id="oc-18b">
         <name>.debug_line</name>
         <load_address>0x8d9</load_address>
         <run_address>0x8d9</run_address>
         <size>0x56</size>
         <input_file_ref idref="fl-4"/>
      </object_component>
      <object_component id="oc-18f">
         <name>.debug_line</name>
         <load_address>0x92f</load_address>
         <run_address>0x92f</run_address>
         <size>0x4a</size>
         <input_file_ref idref="fl-4"/>
      </object_component>
      <object_component id="oc-2bf">
         <name>.debug_line</name>
         <load_address>0x979</load_address>
         <run_address>0x979</run_address>
         <size>0x4d</size>
         <input_file_ref idref="fl-1f"/>
      </object_component>
      <object_component id="oc-2b9">
         <name>.debug_line</name>
         <load_address>0x9c6</load_address>
         <run_address>0x9c6</run_address>
         <size>0x43</size>
         <input_file_ref idref="fl-20"/>
      </object_component>
      <object_component id="oc-1a3">
         <name>.debug_line</name>
         <load_address>0xa09</load_address>
         <run_address>0xa09</run_address>
         <size>0x40</size>
         <input_file_ref idref="fl-21"/>
      </object_component>
      <object_component id="oc-1c2">
         <name>.debug_line</name>
         <load_address>0xa49</load_address>
         <run_address>0xa49</run_address>
         <size>0x3d</size>
         <input_file_ref idref="fl-2b"/>
      </object_component>
      <object_component id="oc-2b5">
         <name>.debug_line</name>
         <load_address>0xa86</load_address>
         <run_address>0xa86</run_address>
         <size>0x42</size>
         <input_file_ref idref="fl-2c"/>
      </object_component>
      <object_component id="oc-24c">
         <name>.debug_line</name>
         <load_address>0xac8</load_address>
         <run_address>0xac8</run_address>
         <size>0x2a</size>
         <input_file_ref idref="fl-2d"/>
      </object_component>
      <object_component id="oc-1df">
         <name>.debug_line</name>
         <load_address>0xaf2</load_address>
         <run_address>0xaf2</run_address>
         <size>0x46</size>
         <input_file_ref idref="fl-2d"/>
      </object_component>
      <object_component id="oc-35b">
         <name>.debug_line</name>
         <load_address>0xb38</load_address>
         <run_address>0xb38</run_address>
         <size>0xbf</size>
         <input_file_ref idref="fl-2e"/>
      </object_component>
      <object_component id="oc-2d1">
         <name>.debug_line</name>
         <load_address>0xbf7</load_address>
         <run_address>0xbf7</run_address>
         <size>0x73</size>
         <input_file_ref idref="fl-2e"/>
      </object_component>
      <object_component id="oc-35f">
         <name>.debug_line</name>
         <load_address>0xc6a</load_address>
         <run_address>0xc6a</run_address>
         <size>0x2e</size>
         <input_file_ref idref="fl-2e"/>
      </object_component>
      <object_component id="oc-36b">
         <name>.debug_line</name>
         <load_address>0xc98</load_address>
         <run_address>0xc98</run_address>
         <size>0x9a</size>
         <input_file_ref idref="fl-2e"/>
      </object_component>
      <object_component id="oc-337">
         <name>.debug_line</name>
         <load_address>0xd32</load_address>
         <run_address>0xd32</run_address>
         <size>0x97</size>
         <input_file_ref idref="fl-2e"/>
      </object_component>
      <object_component id="oc-364">
         <name>.debug_line</name>
         <load_address>0xdc9</load_address>
         <run_address>0xdc9</run_address>
         <size>0x93</size>
         <input_file_ref idref="fl-2e"/>
      </object_component>
      <object_component id="oc-2a5">
         <name>.debug_line</name>
         <load_address>0xe5c</load_address>
         <run_address>0xe5c</run_address>
         <size>0x20</size>
         <input_file_ref idref="fl-2f"/>
      </object_component>
      <object_component id="oc-1ca">
         <name>.debug_line</name>
         <load_address>0xe7c</load_address>
         <run_address>0xe7c</run_address>
         <size>0x4f</size>
         <input_file_ref idref="fl-2f"/>
      </object_component>
      <object_component id="oc-26a">
         <name>.debug_line</name>
         <load_address>0xecb</load_address>
         <run_address>0xecb</run_address>
         <size>0x34</size>
         <input_file_ref idref="fl-2f"/>
      </object_component>
      <object_component id="oc-270">
         <name>.debug_line</name>
         <load_address>0xeff</load_address>
         <run_address>0xeff</run_address>
         <size>0x3e</size>
         <input_file_ref idref="fl-32"/>
      </object_component>
      <object_component id="oc-326">
         <name>.debug_line</name>
         <load_address>0xf3d</load_address>
         <run_address>0xf3d</run_address>
         <size>0x3a</size>
         <input_file_ref idref="fl-33"/>
      </object_component>
      <object_component id="oc-2c6">
         <name>.debug_line</name>
         <load_address>0xf77</load_address>
         <run_address>0xf77</run_address>
         <size>0x3d</size>
         <input_file_ref idref="fl-36"/>
      </object_component>
      <object_component id="oc-36e">
         <name>.debug_line</name>
         <load_address>0xfb4</load_address>
         <run_address>0xfb4</run_address>
         <size>0x20</size>
         <input_file_ref idref="fl-3a"/>
      </object_component>
      <object_component id="oc-308">
         <name>.debug_line</name>
         <load_address>0xfd4</load_address>
         <run_address>0xfd4</run_address>
         <size>0xae</size>
         <input_file_ref idref="fl-3a"/>
      </object_component>
      <object_component id="oc-2ac">
         <name>.debug_frame</name>
         <load_address>0x0</load_address>
         <run_address>0x0</run_address>
         <size>0x3c</size>
         <input_file_ref idref="fl-2"/>
      </object_component>
      <object_component id="oc-248">
         <name>.debug_frame</name>
         <load_address>0x3c</load_address>
         <run_address>0x3c</run_address>
         <size>0x3c</size>
         <input_file_ref idref="fl-2"/>
      </object_component>
      <object_component id="oc-2b2">
         <name>.debug_frame</name>
         <load_address>0x78</load_address>
         <run_address>0x78</run_address>
         <size>0x3c</size>
         <input_file_ref idref="fl-3"/>
      </object_component>
      <object_component id="oc-275">
         <name>.debug_frame</name>
         <load_address>0xb4</load_address>
         <run_address>0xb4</run_address>
         <size>0x54</size>
         <input_file_ref idref="fl-3"/>
      </object_component>
      <object_component id="oc-1c4">
         <name>.debug_frame</name>
         <load_address>0x108</load_address>
         <run_address>0x108</run_address>
         <size>0x3c</size>
         <input_file_ref idref="fl-3"/>
      </object_component>
      <object_component id="oc-225">
         <name>.debug_frame</name>
         <load_address>0x144</load_address>
         <run_address>0x144</run_address>
         <size>0x40</size>
         <input_file_ref idref="fl-4"/>
      </object_component>
      <object_component id="oc-186">
         <name>.debug_frame</name>
         <load_address>0x184</load_address>
         <run_address>0x184</run_address>
         <size>0x3c</size>
         <input_file_ref idref="fl-4"/>
      </object_component>
      <object_component id="oc-18c">
         <name>.debug_frame</name>
         <load_address>0x1c0</load_address>
         <run_address>0x1c0</run_address>
         <size>0x44</size>
         <input_file_ref idref="fl-4"/>
      </object_component>
      <object_component id="oc-18e">
         <name>.debug_frame</name>
         <load_address>0x204</load_address>
         <run_address>0x204</run_address>
         <size>0x3c</size>
         <input_file_ref idref="fl-4"/>
      </object_component>
      <object_component id="oc-1e0">
         <name>.debug_frame</name>
         <load_address>0x240</load_address>
         <run_address>0x240</run_address>
         <size>0x34</size>
         <input_file_ref idref="fl-2d"/>
      </object_component>
      <object_component id="oc-2d5">
         <name>.debug_frame</name>
         <load_address>0x274</load_address>
         <run_address>0x274</run_address>
         <size>0x44</size>
         <input_file_ref idref="fl-2e"/>
      </object_component>
      <object_component id="oc-1ce">
         <name>.debug_frame</name>
         <load_address>0x2b8</load_address>
         <run_address>0x2b8</run_address>
         <size>0x3c</size>
         <input_file_ref idref="fl-2f"/>
      </object_component>
      <object_component id="oc-26f">
         <name>.debug_frame</name>
         <load_address>0x2f4</load_address>
         <run_address>0x2f4</run_address>
         <size>0x3c</size>
         <input_file_ref idref="fl-32"/>
      </object_component>
      <object_component id="oc-327">
         <name>.debug_frame</name>
         <load_address>0x330</load_address>
         <run_address>0x330</run_address>
         <size>0x3c</size>
         <input_file_ref idref="fl-33"/>
      </object_component>
      <object_component id="oc-2c7">
         <name>.debug_frame</name>
         <load_address>0x36c</load_address>
         <run_address>0x36c</run_address>
         <size>0x3c</size>
         <input_file_ref idref="fl-36"/>
      </object_component>
      <object_component id="oc-305">
         <name>.debug_frame</name>
         <load_address>0x3a8</load_address>
         <run_address>0x3a8</run_address>
         <size>0x3c</size>
         <input_file_ref idref="fl-3a"/>
      </object_component>
      <object_component id="oc-290">
         <name>.debug_abbrev</name>
         <load_address>0x0</load_address>
         <run_address>0x0</run_address>
         <size>0xb4</size>
         <input_file_ref idref="fl-2"/>
      </object_component>
      <object_component id="oc-205">
         <name>.debug_abbrev</name>
         <load_address>0xb4</load_address>
         <run_address>0xb4</run_address>
         <size>0x29</size>
         <input_file_ref idref="fl-2"/>
      </object_component>
      <object_component id="oc-208">
         <name>.debug_abbrev</name>
         <load_address>0xdd</load_address>
         <run_address>0xdd</run_address>
         <size>0x29</size>
         <input_file_ref idref="fl-2"/>
      </object_component>
      <object_component id="oc-20f">
         <name>.debug_abbrev</name>
         <load_address>0x106</load_address>
         <run_address>0x106</run_address>
         <size>0x29</size>
         <input_file_ref idref="fl-2"/>
      </object_component>
      <object_component id="oc-211">
         <name>.debug_abbrev</name>
         <load_address>0x12f</load_address>
         <run_address>0x12f</run_address>
         <size>0x29</size>
         <input_file_ref idref="fl-2"/>
      </object_component>
      <object_component id="oc-213">
         <name>.debug_abbrev</name>
         <load_address>0x158</load_address>
         <run_address>0x158</run_address>
         <size>0x29</size>
         <input_file_ref idref="fl-2"/>
      </object_component>
      <object_component id="oc-215">
         <name>.debug_abbrev</name>
         <load_address>0x181</load_address>
         <run_address>0x181</run_address>
         <size>0x29</size>
         <input_file_ref idref="fl-2"/>
      </object_component>
      <object_component id="oc-217">
         <name>.debug_abbrev</name>
         <load_address>0x1aa</load_address>
         <run_address>0x1aa</run_address>
         <size>0x29</size>
         <input_file_ref idref="fl-2"/>
      </object_component>
      <object_component id="oc-219">
         <name>.debug_abbrev</name>
         <load_address>0x1d3</load_address>
         <run_address>0x1d3</run_address>
         <size>0x29</size>
         <input_file_ref idref="fl-2"/>
      </object_component>
      <object_component id="oc-309">
         <name>.debug_abbrev</name>
         <load_address>0x1fc</load_address>
         <run_address>0x1fc</run_address>
         <size>0x7d</size>
         <input_file_ref idref="fl-2"/>
      </object_component>
      <object_component id="oc-29a">
         <name>.debug_abbrev</name>
         <load_address>0x279</load_address>
         <run_address>0x279</run_address>
         <size>0x65</size>
         <input_file_ref idref="fl-2"/>
      </object_component>
      <object_component id="oc-1ae">
         <name>.debug_abbrev</name>
         <load_address>0x2de</load_address>
         <run_address>0x2de</run_address>
         <size>0x1f</size>
         <input_file_ref idref="fl-2"/>
      </object_component>
      <object_component id="oc-296">
         <name>.debug_abbrev</name>
         <load_address>0x2fd</load_address>
         <run_address>0x2fd</run_address>
         <size>0x24</size>
         <input_file_ref idref="fl-2"/>
      </object_component>
      <object_component id="oc-20c">
         <name>.debug_abbrev</name>
         <load_address>0x321</load_address>
         <run_address>0x321</run_address>
         <size>0x24</size>
         <input_file_ref idref="fl-2"/>
      </object_component>
      <object_component id="oc-25a">
         <name>.debug_abbrev</name>
         <load_address>0x345</load_address>
         <run_address>0x345</run_address>
         <size>0x24</size>
         <input_file_ref idref="fl-2"/>
      </object_component>
      <object_component id="oc-30e">
         <name>.debug_abbrev</name>
         <load_address>0x369</load_address>
         <run_address>0x369</run_address>
         <size>0xaf</size>
         <input_file_ref idref="fl-3"/>
      </object_component>
      <object_component id="oc-30a">
         <name>.debug_abbrev</name>
         <load_address>0x418</load_address>
         <run_address>0x418</run_address>
         <size>0x50</size>
         <input_file_ref idref="fl-3"/>
      </object_component>
      <object_component id="oc-2c2">
         <name>.debug_abbrev</name>
         <load_address>0x468</load_address>
         <run_address>0x468</run_address>
         <size>0x60</size>
         <input_file_ref idref="fl-3"/>
      </object_component>
      <object_component id="oc-265">
         <name>.debug_abbrev</name>
         <load_address>0x4c8</load_address>
         <run_address>0x4c8</run_address>
         <size>0x53</size>
         <input_file_ref idref="fl-3"/>
      </object_component>
      <object_component id="oc-292">
         <name>.debug_abbrev</name>
         <load_address>0x51b</load_address>
         <run_address>0x51b</run_address>
         <size>0x8e</size>
         <input_file_ref idref="fl-4"/>
      </object_component>
      <object_component id="oc-21b">
         <name>.debug_abbrev</name>
         <load_address>0x5a9</load_address>
         <run_address>0x5a9</run_address>
         <size>0x29</size>
         <input_file_ref idref="fl-4"/>
      </object_component>
      <object_component id="oc-21e">
         <name>.debug_abbrev</name>
         <load_address>0x5d2</load_address>
         <run_address>0x5d2</run_address>
         <size>0x29</size>
         <input_file_ref idref="fl-4"/>
      </object_component>
      <object_component id="oc-226">
         <name>.debug_abbrev</name>
         <load_address>0x5fb</load_address>
         <run_address>0x5fb</run_address>
         <size>0x29</size>
         <input_file_ref idref="fl-4"/>
      </object_component>
      <object_component id="oc-228">
         <name>.debug_abbrev</name>
         <load_address>0x624</load_address>
         <run_address>0x624</run_address>
         <size>0x29</size>
         <input_file_ref idref="fl-4"/>
      </object_component>
      <object_component id="oc-22a">
         <name>.debug_abbrev</name>
         <load_address>0x64d</load_address>
         <run_address>0x64d</run_address>
         <size>0x29</size>
         <input_file_ref idref="fl-4"/>
      </object_component>
      <object_component id="oc-22c">
         <name>.debug_abbrev</name>
         <load_address>0x676</load_address>
         <run_address>0x676</run_address>
         <size>0x29</size>
         <input_file_ref idref="fl-4"/>
      </object_component>
      <object_component id="oc-22e">
         <name>.debug_abbrev</name>
         <load_address>0x69f</load_address>
         <run_address>0x69f</run_address>
         <size>0x29</size>
         <input_file_ref idref="fl-4"/>
      </object_component>
      <object_component id="oc-230">
         <name>.debug_abbrev</name>
         <load_address>0x6c8</load_address>
         <run_address>0x6c8</run_address>
         <size>0x29</size>
         <input_file_ref idref="fl-4"/>
      </object_component>
      <object_component id="oc-232">
         <name>.debug_abbrev</name>
         <load_address>0x6f1</load_address>
         <run_address>0x6f1</run_address>
         <size>0x29</size>
         <input_file_ref idref="fl-4"/>
      </object_component>
      <object_component id="oc-234">
         <name>.debug_abbrev</name>
         <load_address>0x71a</load_address>
         <run_address>0x71a</run_address>
         <size>0x29</size>
         <input_file_ref idref="fl-4"/>
      </object_component>
      <object_component id="oc-236">
         <name>.debug_abbrev</name>
         <load_address>0x743</load_address>
         <run_address>0x743</run_address>
         <size>0x29</size>
         <input_file_ref idref="fl-4"/>
      </object_component>
      <object_component id="oc-238">
         <name>.debug_abbrev</name>
         <load_address>0x76c</load_address>
         <run_address>0x76c</run_address>
         <size>0x29</size>
         <input_file_ref idref="fl-4"/>
      </object_component>
      <object_component id="oc-23a">
         <name>.debug_abbrev</name>
         <load_address>0x795</load_address>
         <run_address>0x795</run_address>
         <size>0x29</size>
         <input_file_ref idref="fl-4"/>
      </object_component>
      <object_component id="oc-23c">
         <name>.debug_abbrev</name>
         <load_address>0x7be</load_address>
         <run_address>0x7be</run_address>
         <size>0x29</size>
         <input_file_ref idref="fl-4"/>
      </object_component>
      <object_component id="oc-23e">
         <name>.debug_abbrev</name>
         <load_address>0x7e7</load_address>
         <run_address>0x7e7</run_address>
         <size>0x29</size>
         <input_file_ref idref="fl-4"/>
      </object_component>
      <object_component id="oc-240">
         <name>.debug_abbrev</name>
         <load_address>0x810</load_address>
         <run_address>0x810</run_address>
         <size>0x29</size>
         <input_file_ref idref="fl-4"/>
      </object_component>
      <object_component id="oc-299">
         <name>.debug_abbrev</name>
         <load_address>0x839</load_address>
         <run_address>0x839</run_address>
         <size>0x5e</size>
         <input_file_ref idref="fl-4"/>
      </object_component>
      <object_component id="oc-242">
         <name>.debug_abbrev</name>
         <load_address>0x897</load_address>
         <run_address>0x897</run_address>
         <size>0x50</size>
         <input_file_ref idref="fl-4"/>
      </object_component>
      <object_component id="oc-249">
         <name>.debug_abbrev</name>
         <load_address>0x8e7</load_address>
         <run_address>0x8e7</run_address>
         <size>0x6c</size>
         <input_file_ref idref="fl-4"/>
      </object_component>
      <object_component id="oc-24a">
         <name>.debug_abbrev</name>
         <load_address>0x953</load_address>
         <run_address>0x953</run_address>
         <size>0x6e</size>
         <input_file_ref idref="fl-4"/>
      </object_component>
      <object_component id="oc-30d">
         <name>.debug_abbrev</name>
         <load_address>0x9c1</load_address>
         <run_address>0x9c1</run_address>
         <size>0x4a</size>
         <input_file_ref idref="fl-1f"/>
      </object_component>
      <object_component id="oc-30c">
         <name>.debug_abbrev</name>
         <load_address>0xa0b</load_address>
         <run_address>0xa0b</run_address>
         <size>0x3c</size>
         <input_file_ref idref="fl-20"/>
      </object_component>
      <object_component id="oc-24f">
         <name>.debug_abbrev</name>
         <load_address>0xa47</load_address>
         <run_address>0xa47</run_address>
         <size>0x3a</size>
         <input_file_ref idref="fl-21"/>
      </object_component>
      <object_component id="oc-264">
         <name>.debug_abbrev</name>
         <load_address>0xa81</load_address>
         <run_address>0xa81</run_address>
         <size>0x28</size>
         <input_file_ref idref="fl-2b"/>
      </object_component>
      <object_component id="oc-30b">
         <name>.debug_abbrev</name>
         <load_address>0xaa9</load_address>
         <run_address>0xaa9</run_address>
         <size>0x3c</size>
         <input_file_ref idref="fl-2c"/>
      </object_component>
      <object_component id="oc-24b">
         <name>.debug_abbrev</name>
         <load_address>0xae5</load_address>
         <run_address>0xae5</run_address>
         <size>0x29</size>
         <input_file_ref idref="fl-2d"/>
      </object_component>
      <object_component id="oc-27d">
         <name>.debug_abbrev</name>
         <load_address>0xb0e</load_address>
         <run_address>0xb0e</run_address>
         <size>0x58</size>
         <input_file_ref idref="fl-2d"/>
      </object_component>
      <object_component id="oc-35a">
         <name>.debug_abbrev</name>
         <load_address>0xb66</load_address>
         <run_address>0xb66</run_address>
         <size>0xc0</size>
         <input_file_ref idref="fl-2e"/>
      </object_component>
      <object_component id="oc-328">
         <name>.debug_abbrev</name>
         <load_address>0xc26</load_address>
         <run_address>0xc26</run_address>
         <size>0x7e</size>
         <input_file_ref idref="fl-2e"/>
      </object_component>
      <object_component id="oc-35e">
         <name>.debug_abbrev</name>
         <load_address>0xca4</load_address>
         <run_address>0xca4</run_address>
         <size>0x24</size>
         <input_file_ref idref="fl-2e"/>
      </object_component>
      <object_component id="oc-36a">
         <name>.debug_abbrev</name>
         <load_address>0xcc8</load_address>
         <run_address>0xcc8</run_address>
         <size>0x24</size>
         <input_file_ref idref="fl-2e"/>
      </object_component>
      <object_component id="oc-336">
         <name>.debug_abbrev</name>
         <load_address>0xcec</load_address>
         <run_address>0xcec</run_address>
         <size>0x24</size>
         <input_file_ref idref="fl-2e"/>
      </object_component>
      <object_component id="oc-363">
         <name>.debug_abbrev</name>
         <load_address>0xd10</load_address>
         <run_address>0xd10</run_address>
         <size>0x4b</size>
         <input_file_ref idref="fl-2e"/>
      </object_component>
      <object_component id="oc-2a4">
         <name>.debug_abbrev</name>
         <load_address>0xd5b</load_address>
         <run_address>0xd5b</run_address>
         <size>0x37</size>
         <input_file_ref idref="fl-2f"/>
      </object_component>
      <object_component id="oc-266">
         <name>.debug_abbrev</name>
         <load_address>0xd92</load_address>
         <run_address>0xd92</run_address>
         <size>0x6f</size>
         <input_file_ref idref="fl-2f"/>
      </object_component>
      <object_component id="oc-269">
         <name>.debug_abbrev</name>
         <load_address>0xe01</load_address>
         <run_address>0xe01</run_address>
         <size>0x24</size>
         <input_file_ref idref="fl-2f"/>
      </object_component>
      <object_component id="oc-2a6">
         <name>.debug_abbrev</name>
         <load_address>0xe25</load_address>
         <run_address>0xe25</run_address>
         <size>0x55</size>
         <input_file_ref idref="fl-32"/>
      </object_component>
      <object_component id="oc-359">
         <name>.debug_abbrev</name>
         <load_address>0xe7a</load_address>
         <run_address>0xe7a</run_address>
         <size>0x53</size>
         <input_file_ref idref="fl-33"/>
      </object_component>
      <object_component id="oc-310">
         <name>.debug_abbrev</name>
         <load_address>0xecd</load_address>
         <run_address>0xecd</run_address>
         <size>0x45</size>
         <input_file_ref idref="fl-36"/>
      </object_component>
      <object_component id="oc-36d">
         <name>.debug_abbrev</name>
         <load_address>0xf12</load_address>
         <run_address>0xf12</run_address>
         <size>0x35</size>
         <input_file_ref idref="fl-3a"/>
      </object_component>
      <object_component id="oc-343">
         <name>.debug_abbrev</name>
         <load_address>0xf47</load_address>
         <run_address>0xf47</run_address>
         <size>0x71</size>
         <input_file_ref idref="fl-3a"/>
      </object_component>
      <object_component id="oc-3dd">
         <name>.debug_abbrev</name>
         <load_address>0xfb8</load_address>
         <run_address>0xfb8</run_address>
         <size>0xf</size>
      </object_component>
      <object_component id="oc-1b0">
         <name>.debug_str</name>
         <load_address>0x0</load_address>
         <run_address>0x0</run_address>
         <size>0xfd</size>
         <input_file_ref idref="fl-2"/>
      </object_component>
      <object_component id="oc-298">
         <name>.debug_str</name>
         <load_address>0xfd</load_address>
         <run_address>0xfd</run_address>
         <size>0xb7</size>
         <input_file_ref idref="fl-2"/>
      </object_component>
      <object_component id="oc-20e">
         <name>.debug_str</name>
         <load_address>0x1b4</load_address>
         <run_address>0x1b4</run_address>
         <size>0xcc</size>
         <input_file_ref idref="fl-2"/>
      </object_component>
      <object_component id="oc-25c">
         <name>.debug_str</name>
         <load_address>0x280</load_address>
         <run_address>0x280</run_address>
         <size>0xef</size>
         <input_file_ref idref="fl-2"/>
      </object_component>
      <object_component id="oc-360">
         <name>.debug_str</name>
         <load_address>0x36f</load_address>
         <run_address>0x36f</run_address>
         <size>0xed</size>
         <input_file_ref idref="fl-2e"/>
      </object_component>
      <object_component id="oc-36c">
         <name>.debug_str</name>
         <load_address>0x45c</load_address>
         <run_address>0x45c</run_address>
         <size>0x14c</size>
         <input_file_ref idref="fl-2e"/>
      </object_component>
      <object_component id="oc-338">
         <name>.debug_str</name>
         <load_address>0x5a8</load_address>
         <run_address>0x5a8</run_address>
         <size>0x147</size>
         <input_file_ref idref="fl-2e"/>
      </object_component>
      <object_component id="oc-365">
         <name>.debug_str</name>
         <load_address>0x6ef</load_address>
         <run_address>0x6ef</run_address>
         <size>0x197</size>
         <input_file_ref idref="fl-2e"/>
      </object_component>
      <object_component id="oc-26b">
         <name>.debug_str</name>
         <load_address>0x886</load_address>
         <run_address>0x886</run_address>
         <size>0x105</size>
         <input_file_ref idref="fl-2f"/>
      </object_component>
      <object_component id="oc-2a9">
         <name>.debug_aranges</name>
         <load_address>0x0</load_address>
         <run_address>0x0</run_address>
         <size>0x20</size>
         <input_file_ref idref="fl-2"/>
      </object_component>
      <object_component id="oc-246">
         <name>.debug_aranges</name>
         <load_address>0x20</load_address>
         <run_address>0x20</run_address>
         <size>0x20</size>
         <input_file_ref idref="fl-2"/>
      </object_component>
      <object_component id="oc-2b0">
[...]
      <symbol id="sm-a0">
         <name>UCB0I2CSA_L</name>
         <value>0x660</value>
      </symbol>
      <symbol id="sm-a1">
         <name>UCB0I2CSA_H</name>
         <value>0x661</value>
      </symbol>
      <symbol id="sm-a2">
         <name>UCB0IE</name>
         <value>0x66a</value>
      </symbol>
      <symbol id="sm-a3">
         <name>UCB0IE_L</name>
         <value>0x66a</value>
      </symbol>
      <symbol id="sm-a4">
         <name>UCB0IE_H</name>
         <value>0x66b</value>
      </symbol>
      <symbol id="sm-a5">
         <name>UCB0IFG</name>
         <value>0x66c</value>
      </symbol>
      <symbol id="sm-a6">
         <name>UCB0IFG_L</name>
         <value>0x66c</value>
      </symbol>
      <symbol id="sm-a7">
         <name>UCB0IFG_H</name>
         <value>0x66d</value>
      </symbol>
      <symbol id="sm-a8">
         <name>UCB0IV</name>
         <value>0x66e</value>
      </symbol>
      <symbol id="sm-a9">
         <name>SFRIE1</name>
         <value>0x100</value>
      </symbol>
      <symbol id="sm-aa">
         <name>SFRIE1_L</name>
         <value>0x100</value>
      </symbol>
      <symbol id="sm-ab">
         <name>SFRIE1_H</name>
         <value>0x101</value>
      </symbol>
      <symbol id="sm-ac">
         <name>SFRIFG1</name>
         <value>0x102</value>
      </symbol>
      <symbol id="sm-ad">
         <name>SFRIFG1_L</name>
         <value>0x102</value>
      </symbol>
      <symbol id="sm-ae">
         <name>SFRIFG1_H</name>
         <value>0x103</value>
      </symbol>
      <symbol id="sm-af">
         <name>SFRRPCR</name>
         <value>0x104</value>
      </symbol>
      <symbol id="sm-b0">
         <name>SFRRPCR_L</name>
         <value>0x104</value>
      </symbol>
      <symbol id="sm-b1">
         <name>SFRRPCR_H</name>
         <value>0x105</value>
      </symbol>
      <symbol id="sm-b2">
         <name>SYSCTL</name>
         <value>0x180</value>
      </symbol>
      <symbol id="sm-b3">
         <name>SYSCTL_L</name>
         <value>0x180</value>
      </symbol>
      <symbol id="sm-b4">
         <name>SYSCTL_H</name>
         <value>0x181</value>
      </symbol>
      <symbol id="sm-b5">
         <name>SYSJMBC</name>
         <value>0x186</value>
      </symbol>
      <symbol id="sm-b6">
         <name>SYSJMBC_L</name>
         <value>0x186</value>
      </symbol>
      <symbol id="sm-b7">
         <name>SYSJMBC_H</name>
         <value>0x187</value>
      </symbol>
      <symbol id="sm-b8">
         <name>SYSJMBI0</name>
         <value>0x188</value>
      </symbol>
      <symbol id="sm-b9">
         <name>SYSJMBI0_L</name>
         <value>0x188</value>
      </symbol>
      <symbol id="sm-ba">
         <name>SYSJMBI0_H</name>
         <value>0x189</value>
      </symbol>
      <symbol id="sm-bb">
         <name>SYSJMBI1</name>
         <value>0x18a</value>
      </symbol>
      <symbol id="sm-bc">
         <name>SYSJMBI1_L</name>
         <value>0x18a</value>
      </symbol>
      <symbol id="sm-bd">
         <name>SYSJMBI1_H</name>
         <value>0x18b</value>
      </symbol>
      <symbol id="sm-be">
         <name>SYSJMBO0</name>
         <value>0x18c</value>
      </symbol>
      <symbol id="sm-bf">
         <name>SYSJMBO0_L</name>
         <value>0x18c</value>
      </symbol>
      <symbol id="sm-c0">
         <name>SYSJMBO0_H</name>
         <value>0x18d</value>
      </symbol>
      <symbol id="sm-c1">
         <name>SYSJMBO1</name>
         <value>0x18e</value>
      </symbol>
      <symbol id="sm-c2">
         <name>SYSJMBO1_L</name>
         <value>0x18e</value>
      </symbol>
      <symbol id="sm-c3">
         <name>SYSJMBO1_H</name>
         <value>0x18f</value>
      </symbol>
      <symbol id="sm-c4">
         <name>SYSCNF</name>
         <value>0x190</value>
      </symbol>
      <symbol id="sm-c5">
         <name>SYSCNF_L</name>
         <value>0x190</value>
      </symbol>
      <symbol id="sm-c6">
         <name>SYSCNF_H</name>
         <value>0x191</value>
      </symbol>
      <symbol id="sm-c7">
         <name>SYSBERRIV</name>
         <value>0x198</value>
      </symbol>
      <symbol id="sm-c8">
         <name>SYSBERRIV_L</name>
         <value>0x198</value>
      </symbol>
      <symbol id="sm-c9">
         <name>SYSBERRIV_H</name>
         <value>0x199</value>
      </symbol>
      <symbol id="sm-ca">
         <name>SYSUNIV</name>
         <value>0x19a</value>
      </symbol>
      <symbol id="sm-cb">
         <name>SYSUNIV_L</name>
         <value>0x19a</value>
      </symbol>
      <symbol id="sm-cc">
         <name>SYSUNIV_H</name>
         <value>0x19b</value>
      </symbol>
      <symbol id="sm-cd">
         <name>SYSSNIV</name>
         <value>0x19c</value>
      </symbol>
      <symbol id="sm-ce">
         <name>SYSSNIV_L</name>
         <value>0x19c</value>
      </symbol>
      <symbol id="sm-cf">
         <name>SYSSNIV_H</name>
         <value>0x19d</value>
      </symbol>
      <symbol id="sm-d0">
         <name>SYSRSTIV</name>
         <value>0x19e</value>
      </symbol>
      <symbol id="sm-d1">
         <name>SYSRSTIV_L</name>
         <value>0x19e</value>
      </symbol>
      <symbol id="sm-d2">
         <name>SYSRSTIV_H</name>
         <value>0x19f</value>
      </symbol>
      <symbol id="sm-d3">
         <name>RFPMMCTL0</name>
         <value>0x120</value>
      </symbol>
      <symbol id="sm-d4">
         <name>RFPMMCTL0_L</name>
         <value>0x120</value>
      </symbol>
      <symbol id="sm-d5">
         <name>RFPMMCTL0_H</name>
         <value>0x121</value>
      </symbol>
      <symbol id="sm-d6">
         <name>RFPMMCTL1</name>
         <value>0x122</value>
      </symbol>
      <symbol id="sm-d7">
         <name>RFPMMCTL1_L</name>
         <value>0x122</value>
      </symbol>
      <symbol id="sm-d8">
         <name>RFPMMCTL1_H</name>
         <value>0x123</value>
      </symbol>
      <symbol id="sm-d9">
         <name>RFMMIE</name>
         <value>0x124</value>
      </symbol>
      <symbol id="sm-da">
         <name>RFMMIE_L</name>
         <value>0x124</value>
      </symbol>
      <symbol id="sm-db">
         <name>RFMMIE_H</name>
         <value>0x125</value>
      </symbol>
      <symbol id="sm-dc">
         <name>RFPMMIFG</name>
         <value>0x126</value>
      </symbol>
      <symbol id="sm-dd">
         <name>RFPMMIFG_L</name>
         <value>0x126</value>
      </symbol>
      <symbol id="sm-de">
         <name>RFPMMIFG_H</name>
         <value>0x127</value>
      </symbol>
      <symbol id="sm-df">
         <name>RFPMMIV</name>
         <value>0x128</value>
      </symbol>
      <symbol id="sm-e0">
         <name>RFPMMIV_L</name>
         <value>0x128</value>
      </symbol>
      <symbol id="sm-e1">
         <name>RFPMMIV_H</name>
         <value>0x129</value>
      </symbol>
      <symbol id="sm-e2">
         <name>TA0CTL</name>
         <value>0x340</value>
      </symbol>
      <symbol id="sm-e3">
         <name>TA0CCTL0</name>
         <value>0x342</value>
      </symbol>
      <symbol id="sm-e4">
         <name>TA0CCTL1</name>
         <value>0x344</value>
      </symbol>
      <symbol id="sm-e5">
         <name>TA0CCTL2</name>
         <value>0x346</value>
      </symbol>
      <symbol id="sm-e6">
         <name>TA0R</name>
         <value>0x350</value>
      </symbol>
      <symbol id="sm-e7">
         <name>TA0CCR0</name>
         <value>0x352</value>
      </symbol>
      <symbol id="sm-e8">
         <name>TA0CCR1</name>
         <value>0x354</value>
      </symbol>
      <symbol id="sm-e9">
         <name>TA0CCR2</name>
         <value>0x356</value>
      </symbol>
      <symbol id="sm-ea">
         <name>TA0IV</name>
         <value>0x36e</value>
      </symbol>
      <symbol id="sm-eb">
         <name>TA0EX0</name>
         <value>0x360</value>
      </symbol>
      <symbol id="sm-ec">
         <name>WDTCTL</name>
         <value>0x15c</value>
      </symbol>
      <symbol id="sm-ed">
         <name>WDTCTL_L</name>
         <value>0x15c</value>
      </symbol>
      <symbol id="sm-ee">
         <name>WDTCTL_H</name>
         <value>0x15d</value>
      </symbol>
      <symbol id="sm-ef">
         <name>__TI_CINIT_Base</name>
         <value>0xf902</value>
      </symbol>
      <symbol id="sm-f0">
         <name>__TI_CINIT_Limit</name>
         <value>0xf932</value>
      </symbol>
      <symbol id="sm-f1">
         <name>__TI_Handler_Table_Base</name>
         <value>0xf900</value>
      </symbol>
      <symbol id="sm-f2">
         <name>__TI_Handler_Table_Limit</name>
         <value>0xf902</value>
      </symbol>
      <symbol id="sm-f3">
         <name>__STACK_SIZE</name>
         <value>0x64</value>
      </symbol>
      <symbol id="sm-f4">
         <name>__STACK_END</name>
         <value>0x2c00</value>
      </symbol>
      <symbol id="sm-f5">
         <name>__c_args__</name>
         <value>0xffffffff</value>
      </symbol>
      <symbol id="sm-f6">
         <name>__TI_pprof_out_hndl</name>
         <value>0xffffffff</value>
      </symbol>
      <symbol id="sm-f7">
         <name>__TI_prof_data_start</name>
         <value>0xffffffff</value>
      </symbol>
      <symbol id="sm-f8">
         <name>__TI_prof_data_size</name>
         <value>0xffffffff</value>
      </symbol>
      <symbol id="sm-18a">
         <name>NFC_NDEF_Message</name>
         <value>0xf868</value>
         <object_component_ref idref="oc-14e"/>
      </symbol>
      <symbol id="sm-18b">
         <name>RF</name>
         <value>0x1c6a</value>
         <object_component_ref idref="oc-13f"/>
      </symbol>
      <symbol id="sm-18c">
         <name>BlockLockAPI</name>
         <value>0xfc6a</value>
         <object_component_ref idref="oc-243"/>
      </symbol>
      <symbol id="sm-18d">
         <name>PF</name>
         <value>0x1c0a</value>
         <object_component_ref idref="oc-14b"/>
      </symbol>
      <symbol id="sm-18e">
         <name>Firmware_System_Control_Byte</name>
         <value>0xf867</value>
         <object_component_ref idref="oc-139"/>
      </symbol>
      <symbol id="sm-18f">
         <name>EL</name>
         <value>0x1cf2</value>
         <object_component_ref idref="oc-148"/>
      </symbol>
      <symbol id="sm-190">
         <name>DS</name>
         <value>0x1c00</value>
         <object_component_ref idref="oc-13c"/>
      </symbol>
      <symbol id="sm-191">
         <name>NTX</name>
         <value>0x1cc6</value>
         <object_component_ref idref="oc-145"/>
      </symbol>
      <symbol id="sm-192">
         <name>NRX</name>
         <value>0x1ca4</value>
         <object_component_ref idref="oc-142"/>
      </symbol>
      <symbol id="sm-193">
         <name>initISO15693</name>
         <value>0xfbbc</value>
         <object_component_ref idref="oc-2a7"/>
      </symbol>
      <symbol id="sm-1b0">
         <name>__TI_int09</name>
         <value>0xfff2</value>
         <object_component_ref idref="oc-43"/>
      </symbol>
      <symbol id="sm-1b1">
         <name>DeviceInit</name>
         <value>0xfb24</value>
         <object_component_ref idref="oc-2ad"/>
      </symbol>
      <symbol id="sm-1b2">
         <name>main</name>
         <value>0xf932</value>
         <object_component_ref idref="oc-274"/>
      </symbol>
      <symbol id="sm-1b3">
         <name>RF13M_ISR</name>
         <value>0x54d0</value>
         <object_component_ref idref="oc-1c3"/>
      </symbol>
      <symbol id="sm-230">
         <name>GetMultipleBlockSecurityStatusID</name>
         <value>0xffc4</value>
         <object_component_ref idref="oc-160"/>
      </symbol>
      <symbol id="sm-231">
         <name>GetMultipleBlockSecurityStatusAddress</name>
         <value>0xffc2</value>
         <object_component_ref idref="oc-163"/>
      </symbol>
      <symbol id="sm-232">
         <name>userCustomCommand</name>
         <value>0xfb60</value>
         <object_component_ref idref="oc-220"/>
      </symbol>
      <symbol id="sm-233">
         <name>BlockLockROMAddress</name>
         <value>0xffbe</value>
         <object_component_ref idref="oc-169"/>
      </symbol>
      <symbol id="sm-234">
         <name>BlockLockROMID</name>
         <value>0xffc0</value>
         <object_component_ref idref="oc-166"/>
      </symbol>
      <symbol id="sm-235">
         <name>BlockLockROM_Patched</name>
         <value>0xfae8</value>
         <object_component_ref idref="oc-18d"/>
      </symbol>
      <symbol id="sm-236">
         <name>START_KEY</name>
         <value>0xffce</value>
         <object_component_ref idref="oc-151"/>
      </symbol>
      <symbol id="sm-237">
         <name>GetSystemInfoID</name>
         <value>0xffc8</value>
         <object_component_ref idref="oc-15a"/>
      </symbol>
      <symbol id="sm-238">
         <name>END_KEY</name>
         <value>0xffbc</value>
         <object_component_ref idref="oc-16c"/>
      </symbol>
      <symbol id="sm-239">
         <name>CustomCommandAddress</name>
         <value>0xffca</value>
         <object_component_ref idref="oc-157"/>
      </symbol>
      <symbol id="sm-23a">
         <name>GetMultipleBlockSecurityStatus_Patched</name>
         <value>0xfa60</value>
         <object_component_ref idref="oc-187"/>
      </symbol>
      <symbol id="sm-23b">
         <name>CustomCommandID</name>
         <value>0xffcc</value>
         <object_component_ref idref="oc-154"/>
      </symbol>
      <symbol id="sm-23c">
         <name>UID_2</name>
         <value>0x1a0a</value>
         <object_component_ref idref="oc-175"/>
      </symbol>
      <symbol id="sm-23d">
         <name>UID_3</name>
         <value>0x1a0b</value>
         <object_component_ref idref="oc-178"/>
      </symbol>
      <symbol id="sm-23e">
         <name>UID_0</name>
         <value>0x1a08</value>
         <object_component_ref idref="oc-16f"/>
      </symbol>
      <symbol id="sm-23f">
         <name>UID_1</name>
         <value>0x1a09</value>
         <object_component_ref idref="oc-172"/>
      </symbol>
      <symbol id="sm-240">
         <name>UID_4</name>
         <value>0x1a0c</value>
         <object_component_ref idref="oc-17b"/>
      </symbol>
      <symbol id="sm-241">
         <name>UID_5</name>
         <value>0x1a0d</value>
         <object_component_ref idref="oc-17e"/>
      </symbol>
      <symbol id="sm-242">
         <name>GetSystemInfo_Patched</name>
         <value>0xfa16</value>
         <object_component_ref idref="oc-181"/>
      </symbol>
      <symbol id="sm-243">
         <name>GetSystemInfoAddress</name>
         <value>0xffc6</value>
         <object_component_ref idref="oc-15d"/>
      </symbol>
      <symbol id="sm-24f">
         <name>__mspabi_remi</name>
         <value>0xfb90</value>
         <object_component_ref idref="oc-2bd"/>
      </symbol>
      <symbol id="sm-250">
         <name>__mspabi_divi</name>
         <value>0xfb90</value>
         <object_component_ref idref="oc-2bd"/>
      </symbol>
      <symbol id="sm-25a">
         <name>__mspabi_remu</name>
         <value>0xfbfa</value>
         <object_component_ref idref="oc-2b8"/>
      </symbol>
      <symbol id="sm-25b">
         <name>__mspabi_divu</name>
         <value>0xfbfa</value>
         <object_component_ref idref="oc-2b8"/>
      </symbol>
      <symbol id="sm-264">
         <name>__mspabi_func_epilog_2</name>
         <value>0xfc56</value>
         <object_component_ref idref="oc-1a1"/>
      </symbol>
      <symbol id="sm-265">
         <name>__mspabi_func_epilog_3</name>
         <value>0xfc54</value>
         <object_component_ref idref="oc-1a1"/>
      </symbol>
      <symbol id="sm-266">
         <name>__mspabi_func_epilog_1</name>
         <value>0xfc58</value>
         <object_component_ref idref="oc-1a1"/>
      </symbol>
      <symbol id="sm-267">
         <name>__mspabi_func_epilog_6</name>
         <value>0xfc4e</value>
         <object_component_ref idref="oc-1a1"/>
      </symbol>
      <symbol id="sm-268">
         <name>__mspabi_func_epilog_7</name>
         <value>0xfc4c</value>
         <object_component_ref idref="oc-1a1"/>
      </symbol>
      <symbol id="sm-269">
         <name>__mspabi_func_epilog_4</name>
         <value>0xfc52</value>
         <object_component_ref idref="oc-1a1"/>
      </symbol>
      <symbol id="sm-26a">
         <name>__mspabi_func_epilog_5</name>
         <value>0xfc50</value>
         <object_component_ref idref="oc-1a1"/>
      </symbol>
      <symbol id="sm-26d">
         <name>__TI_int05</name>
         <value>0xffea</value>
         <object_component_ref idref="oc-3f"/>
      </symbol>
      <symbol id="sm-270">
         <name>__TI_int06</name>
         <value>0xffec</value>
         <object_component_ref idref="oc-40"/>
      </symbol>
      <symbol id="sm-273">
         <name>__TI_int07</name>
         <value>0xffee</value>
         <object_component_ref idref="oc-41"/>
      </symbol>
      <symbol id="sm-276">
         <name>__TI_int08</name>
         <value>0xfff0</value>
         <object_component_ref idref="oc-42"/>
      </symbol>
      <symbol id="sm-279">
         <name>__TI_int10</name>
         <value>0xfff4</value>
         <object_component_ref idref="oc-44"/>
      </symbol>
      <symbol id="sm-27c">
         <name>__TI_int11</name>
         <value>0xfff6</value>
         <object_component_ref idref="oc-45"/>
      </symbol>
      <symbol id="sm-27f">
         <name>__TI_int12</name>
         <value>0xfff8</value>
         <object_component_ref idref="oc-46"/>
      </symbol>
      <symbol id="sm-282">
         <name>__TI_int13</name>
         <value>0xfffa</value>
         <object_component_ref idref="oc-47"/>
      </symbol>
      <symbol id="sm-285">
         <name>__TI_int14</name>
         <value>0xfffc</value>
         <object_component_ref idref="oc-48"/>
      </symbol>
      <symbol id="sm-28d">
         <name>__TI_ISR_TRAP</name>
         <value>0xfc5c</value>
         <object_component_ref idref="oc-1be"/>
      </symbol>
      <symbol id="sm-297">
         <name>__mspabi_mpyi_sw</name>
         <value>0xfc38</value>
         <object_component_ref idref="oc-2b3"/>
      </symbol>
      <symbol id="sm-298">
         <name>__mspabi_mpyi</name>
         <value>0xfc38</value>
         <object_component_ref idref="oc-2b3"/>
      </symbol>
      <symbol id="sm-2a8">
         <name>_stack</name>
         <value>0x2b9c</value>
         <object_component_ref idref="oc-193"/>
      </symbol>
      <symbol id="sm-2a9">
         <name>_c_int00_noargs</name>
         <value>0xfbde</value>
         <object_component_ref idref="oc-1db"/>
      </symbol>
      <symbol id="sm-2aa">
         <name>_reset_vector</name>
         <value>0xfffe</value>
         <object_component_ref idref="oc-196"/>
      </symbol>
      <symbol id="sm-2cc">
         <name>__TI_auto_init_nobinit_nopinit</name>
         <value>0xfaa6</value>
         <object_component_ref idref="oc-2d0"/>
      </symbol>
      <symbol id="sm-2df">
         <name>__TI_zero_init_nomemset</name>
         <value>0xfc10</value>
         <object_component_ref idref="oc-1c9"/>
      </symbol>
      <symbol id="sm-2ea">
         <name>_system_pre_init</name>
         <value>0xfc6e</value>
         <object_component_ref idref="oc-26e"/>
      </symbol>
      <symbol id="sm-2f3">
         <name>_system_post_cinit</name>
         <value>0xfc72</value>
         <object_component_ref idref="oc-322"/>
      </symbol>
      <symbol id="sm-2ff">
         <name>C$$EXIT</name>
         <value>0xfc64</value>
         <object_component_ref idref="oc-2c4"/>
      </symbol>
      <symbol id="sm-300">
         <name>abort</name>
         <value>0xfc64</value>
         <object_component_ref idref="oc-2c4"/>
      </symbol>
      <symbol id="sm-311">
         <name>memset</name>
         <value>0xfc24</value>
         <object_component_ref idref="oc-303"/>
      </symbol>
   </symbol_table>
   <title>Link successful</title>
</link_info>
